.......................................s......ss........................ [  1%]
........................................................................ [  3%]
........................................................................ [  5%]
........................................................................ [  7%]
........................................................................ [  9%]
........................................................................ [ 10%]
........................................................................ [ 12%]
........................................................................ [ 14%]
........................................................................ [ 16%]
........................................................................ [ 18%]
........................................................................ [ 19%]
........................................................................ [ 21%]
........................................................................ [ 23%]
........................................................................ [ 25%]
........................................................................ [ 27%]
........................................................................ [ 28%]
........................................................................ [ 30%]
........................................................................ [ 32%]
........................................................................ [ 34%]
........................................................................ [ 36%]
........................................................................ [ 37%]
........................................................................ [ 39%]
........................................................................ [ 41%]
........................................................................ [ 43%]
........................................................................ [ 45%]
........................................................................ [ 46%]
........................................................................ [ 48%]
........................................................................ [ 50%]
........................................................................ [ 52%]
........................................................................ [ 54%]
........................................................................ [ 55%]
........................................................................ [ 57%]
........................................................................ [ 59%]
........................................................................ [ 61%]
........................................................................ [ 63%]
........................................................................ [ 64%]
........................................................................ [ 66%]
s....................................................................... [ 68%]
........................................................................ [ 70%]
........................................................................ [ 72%]
........................................................................ [ 73%]
........................................................................ [ 75%]
........................................................................ [ 77%]
........................................................................ [ 79%]
........................................................................ [ 81%]
........................................................................ [ 82%]
........................................................................ [ 84%]
........................................................................ [ 86%]
........................................................................ [ 88%]
........................................................................ [ 90%]
........................................................................ [ 91%]
........................................................................ [ 93%]
........................................................................ [ 95%]
........................................................................ [ 97%]
........................................................................ [ 99%]
.................................                                        [100%]
============================== warnings summary ===============================
..\..\..\AppData\TRAE SOLO CN\ModularData\ai-agent\vm\tools\python\lib\site-packages\fastapi\testclient.py:1
  F:\AppData\TRAE SOLO CN\ModularData\ai-agent\vm\tools\python\lib\site-packages\fastapi\testclient.py:1: StarletteDeprecationWarning: Using `httpx` with `starlette.testclient` is deprecated; install `httpx2` instead.
    from starlette.testclient import TestClient as TestClient  # noqa

maop\core\regression.py:35
  F:\Nexus\MAOP\py\maop\core\regression.py:35: PytestCollectionWarning: cannot collect test class 'TestCase' because it has a __init__ constructor (from: tests/test_regression.py)
    class TestCase(BaseModel):

maop\core\regression.py:46
  F:\Nexus\MAOP\py\maop\core\regression.py:46: PytestCollectionWarning: cannot collect test class 'TestResult' because it has a __init__ constructor (from: tests/test_regression.py)
    class TestResult(BaseModel):

-- Docs: https://docs.pytest.org/en/stable/how-to/capture-warnings.html
3989 passed, 4 skipped, 3 warnings in 256.09s (0:04:16)
