[edition] Enterprise package installed but no license key found. Running in honor-system mode. Set MAOP_LICENSE_KEY for production.
INFO:     Started server process [3084]
INFO:     Waiting for application startup.
INFO:     Application startup complete.
INFO:     Uvicorn running on http://127.0.0.1:9079 (Press CTRL+C to quit)
INFO:     127.0.0.1:9829 - "GET /api/health HTTP/1.1" 200 OK
Unhandled exception on POST /api/agents/scan: name 'logger' is not defined
INFO:     127.0.0.1:9832 - "POST /api/agents/scan HTTP/1.1" 500 Internal Server Error
ERROR:    Exception in ASGI application
Traceback (most recent call last):
  File "F:\Nexus\MAOP\py\maop\dashboard\error_handler.py", line 109, in wrapper
    return await fn(*args, **kwargs)
           ^^^^^^^^^^^^^^^^^^^^^^^^^
  File "F:\Nexus\MAOP\py\maop\dashboard\routers\agents.py", line 119, in scan_agents
    require_admin(request)
    ~~~~~~~~~~~~~^^^^^^^^^
  File "F:\Nexus\MAOP\py\maop\core\middleware.py", line 368, in require_admin
    raise HTTPException(403, "Admin role required")
fastapi.exceptions.HTTPException: 403: Admin role required

The above exception was the direct cause of the following exception:

Traceback (most recent call last):
  File "F:\Program Files (x86)\Python\Python 3.14.3 (64-bit)\Lib\site-packages\uvicorn\protocols\http\httptools_impl.py", line 421, in run_asgi
    result = await app(  # type: ignore[func-returns-value]
             ^^^^^^^^^^^^^^^^^^^^^^^^^^^^^^^^^^^^^^^^^^^^^^
        self.scope, self.receive, self.send
        ^^^^^^^^^^^^^^^^^^^^^^^^^^^^^^^^^^^
    )
    ^
  File "F:\Program Files (x86)\Python\Python 3.14.3 (64-bit)\Lib\site-packages\uvicorn\middleware\proxy_headers.py", line 56, in __call__
    return await self.app(scope, receive, send)
           ^^^^^^^^^^^^^^^^^^^^^^^^^^^^^^^^^^^^
  File "F:\Program Files (x86)\Python\Python 3.14.3 (64-bit)\Lib\site-packages\fastapi\applications.py", line 1163, in __call__
    await super().__call__(scope, receive, send)
  File "F:\Program Files (x86)\Python\Python 3.14.3 (64-bit)\Lib\site-packages\starlette\applications.py", line 90, in __call__
    await self.middleware_stack(scope, receive, send)
  File "F:\Program Files (x86)\Python\Python 3.14.3 (64-bit)\Lib\site-packages\starlette\middleware\errors.py", line 186, in __call__
    raise exc
  File "F:\Program Files (x86)\Python\Python 3.14.3 (64-bit)\Lib\site-packages\starlette\middleware\errors.py", line 164, in __call__
    await self.app(scope, receive, _send)
  File "F:\Program Files (x86)\Python\Python 3.14.3 (64-bit)\Lib\site-packages\starlette\middleware\base.py", line 191, in __call__
    with recv_stream, send_stream, collapse_excgroups():
                                   ~~~~~~~~~~~~~~~~~~^^
  File "F:\Program Files (x86)\Python\Python 3.14.3 (64-bit)\Lib\contextlib.py", line 162, in __exit__
    self.gen.throw(value)
    ~~~~~~~~~~~~~~^^^^^^^
  File "F:\Program Files (x86)\Python\Python 3.14.3 (64-bit)\Lib\site-packages\starlette\_utils.py", line 87, in collapse_excgroups
    raise exc
  File "F:\Program Files (x86)\Python\Python 3.14.3 (64-bit)\Lib\site-packages\starlette\middleware\base.py", line 193, in __call__
    response = await self.dispatch_func(request, call_next)
               ^^^^^^^^^^^^^^^^^^^^^^^^^^^^^^^^^^^^^^^^^^^^
  File "F:\Nexus\MAOP\py\maop\core\middleware.py", line 301, in dispatch
    response = cast(Response, await call_next(request))
                              ^^^^^^^^^^^^^^^^^^^^^^^^
  File "F:\Program Files (x86)\Python\Python 3.14.3 (64-bit)\Lib\site-packages\starlette\middleware\base.py", line 168, in call_next
    raise app_exc from app_exc.__cause__ or app_exc.__context__
  File "F:\Program Files (x86)\Python\Python 3.14.3 (64-bit)\Lib\site-packages\starlette\middleware\base.py", line 144, in coro
    await self.app(scope, receive_or_disconnect, send_no_error)
  File "F:\Program Files (x86)\Python\Python 3.14.3 (64-bit)\Lib\site-packages\starlette\middleware\base.py", line 191, in __call__
    with recv_stream, send_stream, collapse_excgroups():
                                   ~~~~~~~~~~~~~~~~~~^^
  File "F:\Program Files (x86)\Python\Python 3.14.3 (64-bit)\Lib\contextlib.py", line 162, in __exit__
    self.gen.throw(value)
    ~~~~~~~~~~~~~~^^^^^^^
  File "F:\Program Files (x86)\Python\Python 3.14.3 (64-bit)\Lib\site-packages\starlette\_utils.py", line 87, in collapse_excgroups
    raise exc
  File "F:\Program Files (x86)\Python\Python 3.14.3 (64-bit)\Lib\site-packages\starlette\middleware\base.py", line 193, in __call__
    response = await self.dispatch_func(request, call_next)
               ^^^^^^^^^^^^^^^^^^^^^^^^^^^^^^^^^^^^^^^^^^^^
  File "F:\Nexus\MAOP\py\maop\core\middleware.py", line 68, in dispatch
    return cast(Response, await call_next(request))
                          ^^^^^^^^^^^^^^^^^^^^^^^^
  File "F:\Program Files (x86)\Python\Python 3.14.3 (64-bit)\Lib\site-packages\starlette\middleware\base.py", line 168, in call_next
    raise app_exc from app_exc.__cause__ or app_exc.__context__
  File "F:\Program Files (x86)\Python\Python 3.14.3 (64-bit)\Lib\site-packages\starlette\middleware\base.py", line 144, in coro
    await self.app(scope, receive_or_disconnect, send_no_error)
  File "F:\Program Files (x86)\Python\Python 3.14.3 (64-bit)\Lib\site-packages\starlette\middleware\base.py", line 191, in __call__
    with recv_stream, send_stream, collapse_excgroups():
                                   ~~~~~~~~~~~~~~~~~~^^
  File "F:\Program Files (x86)\Python\Python 3.14.3 (64-bit)\Lib\contextlib.py", line 162, in __exit__
    self.gen.throw(value)
    ~~~~~~~~~~~~~~^^^^^^^
  File "F:\Program Files (x86)\Python\Python 3.14.3 (64-bit)\Lib\site-packages\starlette\_utils.py", line 87, in collapse_excgroups
    raise exc
  File "F:\Program Files (x86)\Python\Python 3.14.3 (64-bit)\Lib\site-packages\starlette\middleware\base.py", line 193, in __call__
    response = await self.dispatch_func(request, call_next)
               ^^^^^^^^^^^^^^^^^^^^^^^^^^^^^^^^^^^^^^^^^^^^
  File "F:\Nexus\MAOP\py\maop\core\middleware.py", line 224, in dispatch
    return cast(Response, await call_next(request))
                          ^^^^^^^^^^^^^^^^^^^^^^^^
  File "F:\Program Files (x86)\Python\Python 3.14.3 (64-bit)\Lib\site-packages\starlette\middleware\base.py", line 168, in call_next
    raise app_exc from app_exc.__cause__ or app_exc.__context__
  File "F:\Program Files (x86)\Python\Python 3.14.3 (64-bit)\Lib\site-packages\starlette\middleware\base.py", line 144, in coro
    await self.app(scope, receive_or_disconnect, send_no_error)
  File "F:\Program Files (x86)\Python\Python 3.14.3 (64-bit)\Lib\site-packages\starlette\middleware\cors.py", line 88, in __call__
    await self.app(scope, receive, send)
  File "F:\Program Files (x86)\Python\Python 3.14.3 (64-bit)\Lib\site-packages\starlette\middleware\exceptions.py", line 63, in __call__
    await wrap_app_handling_exceptions(self.app, conn)(scope, receive, send)
  File "F:\Program Files (x86)\Python\Python 3.14.3 (64-bit)\Lib\site-packages\starlette\_exception_handler.py", line 53, in wrapped_app
    raise exc
  File "F:\Program Files (x86)\Python\Python 3.14.3 (64-bit)\Lib\site-packages\starlette\_exception_handler.py", line 42, in wrapped_app
    await app(scope, receive, sender)
  File "F:\Program Files (x86)\Python\Python 3.14.3 (64-bit)\Lib\site-packages\fastapi\middleware\asyncexitstack.py", line 18, in __call__
    await self.app(scope, receive, send)
  File "F:\Program Files (x86)\Python\Python 3.14.3 (64-bit)\Lib\site-packages\starlette\routing.py", line 660, in __call__
    await self.middleware_stack(scope, receive, send)
  File "F:\Program Files (x86)\Python\Python 3.14.3 (64-bit)\Lib\site-packages\fastapi\routing.py", line 2531, in app
    await route.handle(scope, receive, send)
  File "F:\Program Files (x86)\Python\Python 3.14.3 (64-bit)\Lib\site-packages\fastapi\routing.py", line 1700, in handle
    await self.original_router.handle(scope, receive, send)
  File "F:\Program Files (x86)\Python\Python 3.14.3 (64-bit)\Lib\site-packages\fastapi\routing.py", line 2586, in handle
    await included_router._handle_selected(scope, receive, send)
  File "F:\Program Files (x86)\Python\Python 3.14.3 (64-bit)\Lib\site-packages\fastapi\routing.py", line 1720, in _handle_selected
    await original_route.handle(scope, receive, send)
  File "F:\Program Files (x86)\Python\Python 3.14.3 (64-bit)\Lib\site-packages\fastapi\routing.py", line 1239, in handle
    await app(scope, receive, send)
  File "F:\Program Files (x86)\Python\Python 3.14.3 (64-bit)\Lib\site-packages\fastapi\routing.py", line 150, in app
    await wrap_app_handling_exceptions(app, request)(scope, receive, send)
  File "F:\Program Files (x86)\Python\Python 3.14.3 (64-bit)\Lib\site-packages\starlette\_exception_handler.py", line 53, in wrapped_app
    raise exc
  File "F:\Program Files (x86)\Python\Python 3.14.3 (64-bit)\Lib\site-packages\starlette\_exception_handler.py", line 42, in wrapped_app
    await app(scope, receive, sender)
  File "F:\Program Files (x86)\Python\Python 3.14.3 (64-bit)\Lib\site-packages\fastapi\routing.py", line 136, in app
    response = await f(request)
               ^^^^^^^^^^^^^^^^
  File "F:\Program Files (x86)\Python\Python 3.14.3 (64-bit)\Lib\site-packages\fastapi\routing.py", line 690, in app
    raw_response = await run_endpoint_function(
                   ^^^^^^^^^^^^^^^^^^^^^^^^^^^^
    ...<3 lines>...
    )
    ^
  File "F:\Program Files (x86)\Python\Python 3.14.3 (64-bit)\Lib\site-packages\fastapi\routing.py", line 344, in run_endpoint_function
    return await dependant.call(**values)
           ^^^^^^^^^^^^^^^^^^^^^^^^^^^^^^
  File "F:\Nexus\MAOP\py\maop\dashboard\error_handler.py", line 112, in wrapper
    logger.warning("%s raised HTTPException: %s", op, exc.detail)
    ^^^^^^
NameError: name 'logger' is not defined
